******************************************************************************
                  TI ARM Linker PC v20.2.7                     
******************************************************************************
>> Linked Fri Aug  9 12:56:19 2024

OUTPUT FILE NAME:   <NVIC Driver.out>
ENTRY POINT SYMBOL: "_c_int00_noargs"  address: 00000b15


MEMORY CONFIGURATION

         name            origin    length      used     unused   attr    fill
----------------------  --------  ---------  --------  --------  ----  --------
  FLASH                 00000000   00040000  00000b9a  0003f466  R  X
  SRAM                  20000000   00008000  00000205  00007dfb  RW X


SEGMENT ALLOCATION MAP

run origin  load origin   length   init length attrs members
----------  ----------- ---------- ----------- ----- -------
00000000    00000000    00000ba0   00000ba0    r-x
  00000000    00000000    0000026c   0000026c    r-- .intvecs
  0000026c    0000026c    00000916   00000916    r-x .text
  00000b88    00000b88    00000018   00000018    r-- .cinit
20000000    20000000    00000205   00000000    rw-
  20000000    20000000    00000200   00000000    rw- .stack
  20000200    20000200    00000005   00000000    rw- .data


SECTION ALLOCATION MAP

 output                                  attributes/
section   page    origin      length       input sections
--------  ----  ----------  ----------   ----------------
.intvecs   0    00000000    0000026c     
                  00000000    0000026c     tm4c123gh6pm_startup_ccs.obj (.intvecs)

.text      0    0000026c    00000916     
                  0000026c    0000046c     NVIC.obj (.text)
                  000006d8    0000021c     main.obj (.text)
                  000008f4    000000d8     Systic_Driver.obj (.text)
                  000009cc    0000009c     rtsv7M4_T_le_v4SPD16_eabi.lib : memcpy_t2.asm.obj (.text)
                  00000a68    00000068                                   : copy_decompress_lzss.c.obj (.text:decompress:lzss:__TI_decompress_lzss)
                  00000ad0    00000044                                   : autoinit.c.obj (.text:__TI_auto_init_nobinit_nopinit:__TI_auto_init_nobinit_nopinit)
                  00000b14    00000034                                   : boot_cortex_m.c.obj (.text:_c_int00_noargs:_c_int00_noargs)
                  00000b48    00000018                                   : ll_mul_t2.asm.obj (.text)
                  00000b60    0000000e                                   : copy_decompress_none.c.obj (.text:decompress:none:__TI_decompress_none)
                  00000b6e    0000000c     tm4c123gh6pm_startup_ccs.obj (.text)
                  00000b7a    00000004     rtsv7M4_T_le_v4SPD16_eabi.lib : pre_init.c.obj (.text:_system_pre_init)
                  00000b7e    00000004                                   : exit.c.obj (.text:abort:abort)

.cinit     0    00000b88    00000018     
                  00000b88    00000008     (__TI_handler_table)
                  00000b90    00000007     (.cinit..data.load) [load image, compression = lzss]
                  00000b97    00000001     --HOLE-- [fill = 0]
                  00000b98    00000008     (__TI_cinit_table)

.init_array 
*          0    00000000    00000000     UNINITIALIZED

.data      0    20000200    00000005     UNINITIALIZED
                  20000200    00000004     Systic_Driver.obj (.data)
                  20000204    00000001     main.obj (.data)

.stack     0    20000000    00000200     UNINITIALIZED
                  20000000    00000004     rtsv7M4_T_le_v4SPD16_eabi.lib : boot_cortex_m.c.obj (.stack)
                  20000004    000001fc     --HOLE--

__llvm_prf_cnts 
*          0    20000000    00000000     UNINITIALIZED

MODULE SUMMARY

       Module                         code   ro data   rw data
       ------                         ----   -------   -------
    .\
       NVIC.obj                       1132   0         0      
       tm4c123gh6pm_startup_ccs.obj   12     620       0      
       main.obj                       540    0         1      
       Systic_Driver.obj              216    0         4      
    +--+------------------------------+------+---------+---------+
       Total:                         1900   620       5      
                                                              
    C:\ti\ccs1271\ccs\tools\compiler\ti-cgt-arm_20.2.7.LTS\lib\rtsv7M4_T_le_v4SPD16_eabi.lib
       memcpy_t2.asm.obj              156    0         0      
       copy_decompress_lzss.c.obj     104    0         0      
       autoinit.c.obj                 68     0         0      
       boot_cortex_m.c.obj            52     0         0      
       ll_mul_t2.asm.obj              24     0         0      
       copy_decompress_none.c.obj     14     0         0      
       exit.c.obj                     4      0         0      
       pre_init.c.obj                 4      0         0      
    +--+------------------------------+------+---------+---------+
       Total:                         426    0         0      
                                                              
       Stack:                         0      0         512    
       Linker Generated:              0      23        0      
    +--+------------------------------+------+---------+---------+
       Grand Total:                   2326   643       517    


LINKER GENERATED COPY TABLES

__TI_cinit_table @ 00000b98 records: 1, size/record: 8, table size: 8
	.data: load addr=00000b90, load size=00000007 bytes, run addr=20000200, run size=00000005 bytes, compression=lzss


LINKER GENERATED HANDLER TABLE

__TI_handler_table @ 00000b88 records: 2, size/record: 4, table size: 8
	index: 0, handler: __TI_decompress_lzss
	index: 1, handler: __TI_decompress_none


GLOBAL SYMBOLS: SORTED ALPHABETICALLY BY Name 

address   name                          
-------   ----                          
00000b7f  C$$EXIT                       
000006d9  Delay_MS                      
00000719  GPIOPortF_Handler             
000007d9  Leds_Init                     
00000565  NVIC_DisableException         
00000355  NVIC_DisableIRQ               
000004e3  NVIC_EnableException          
0000026d  NVIC_EnableIRQ                
000005f5  NVIC_SetPriorityException     
0000043d  NVIC_SetPriorityIRQ           
00000b6f  ResetISR                      
00000749  SW2_Init                      
00000817  SysTick_CallBackFunc          
000009a7  SysTick_DeInit                
00000905  SysTick_Init                  
0000097f  SysTick_SetCallBack           
0000098f  SysTick_Start                 
0000093f  SysTick_StartBusyWait         
0000099b  SysTick_Stop                  
000008f5  SysticTick_Handler            
20000200  __STACK_END                   
00000200  __STACK_SIZE                  
20000200  __STACK_TOP                   
00000b98  __TI_CINIT_Base               
00000ba0  __TI_CINIT_Limit              
00000b88  __TI_Handler_Table_Base       
00000b90  __TI_Handler_Table_Limit      
00000ad1  __TI_auto_init_nobinit_nopinit
00000a69  __TI_decompress_lzss          
00000b61  __TI_decompress_none          
ffffffff  __TI_pprof_out_hndl           
ffffffff  __TI_prof_data_size           
ffffffff  __TI_prof_data_start          
00000000  __TI_static_base__            
00000b49  __aeabi_lmul                  
000009cd  __aeabi_memcpy                
000009cd  __aeabi_memcpy4               
000009cd  __aeabi_memcpy8               
ffffffff  __binit__                     
ffffffff  __c_args__                    
UNDEFED   __mpu_init                    
20000000  __stack                       
20000000  __start___llvm_prf_cnts       
20000000  __stop___llvm_prf_cnts        
00000b15  _c_int00_noargs               
UNDEFED   _system_post_cinit            
00000b7b  _system_pre_init              
00000b7f  abort                         
ffffffff  binit                         
20000204  g_Counter                     
00000000  g_pfnVectors                  
00000871  main                          
000009cd  memcpy                        


GLOBAL SYMBOLS: SORTED BY Symbol Address 

address   name                          
-------   ----                          
00000000  __TI_static_base__            
00000000  g_pfnVectors                  
00000200  __STACK_SIZE                  
0000026d  NVIC_EnableIRQ                
00000355  NVIC_DisableIRQ               
0000043d  NVIC_SetPriorityIRQ           
000004e3  NVIC_EnableException          
00000565  NVIC_DisableException         
000005f5  NVIC_SetPriorityException     
000006d9  Delay_MS                      
00000719  GPIOPortF_Handler             
00000749  SW2_Init                      
000007d9  Leds_Init                     
00000817  SysTick_CallBackFunc          
00000871  main                          
000008f5  SysticTick_Handler            
00000905  SysTick_Init                  
0000093f  SysTick_StartBusyWait         
0000097f  SysTick_SetCallBack           
0000098f  SysTick_Start                 
0000099b  SysTick_Stop                  
000009a7  SysTick_DeInit                
000009cd  __aeabi_memcpy                
000009cd  __aeabi_memcpy4               
000009cd  __aeabi_memcpy8               
000009cd  memcpy                        
00000a69  __TI_decompress_lzss          
00000ad1  __TI_auto_init_nobinit_nopinit
00000b15  _c_int00_noargs               
00000b49  __aeabi_lmul                  
00000b61  __TI_decompress_none          
00000b6f  ResetISR                      
00000b7b  _system_pre_init              
00000b7f  C$$EXIT                       
00000b7f  abort                         
00000b88  __TI_Handler_Table_Base       
00000b90  __TI_Handler_Table_Limit      
00000b98  __TI_CINIT_Base               
00000ba0  __TI_CINIT_Limit              
20000000  __stack                       
20000000  __start___llvm_prf_cnts       
20000000  __stop___llvm_prf_cnts        
20000200  __STACK_END                   
20000200  __STACK_TOP                   
20000204  g_Counter                     
ffffffff  __TI_pprof_out_hndl           
ffffffff  __TI_prof_data_size           
ffffffff  __TI_prof_data_start          
ffffffff  __binit__                     
ffffffff  __c_args__                    
ffffffff  binit                         
UNDEFED   __mpu_init                    
UNDEFED   _system_post_cinit            

[53 symbols]
