******************************************************************************
                  TI ARM Linker PC v20.2.7                     
******************************************************************************
>> Linked Sat Aug 31 20:16:30 2024

OUTPUT FILE NAME:   <AUTOSAR_Project.out>
ENTRY POINT SYMBOL: "_c_int00_noargs"  address: 00001a11


MEMORY CONFIGURATION

         name            origin    length      used     unused   attr    fill
----------------------  --------  ---------  --------  --------  ----  --------
  FLASH                 00000000   00040000  00001c22  0003e3de  R  X
  SRAM                  20000000   00008000  00000216  00007dea  RW X


SEGMENT ALLOCATION MAP

run origin  load origin   length   init length attrs members
----------  ----------- ---------- ----------- ----- -------
00000000    00000000    00001c28   00001c28    r-x
  00000000    00000000    0000026c   0000026c    r-- .intvecs
  0000026c    0000026c    0000183a   0000183a    r-x .text
  00001aa6    00001aa6    0000015c   0000015c    r-- .const
  00001c08    00001c08    00000020   00000020    r-- .cinit
20000000    20000000    00000216   00000000    rw-
  20000000    20000000    00000200   00000000    rw- .stack
  20000200    20000200    00000016   00000000    rw- .data


SECTION ALLOCATION MAP

 output                                  attributes/
section   page    origin      length       input sections
--------  ----  ----------  ----------   ----------------
.intvecs   0    00000000    0000026c     
                  00000000    0000026c     tm4c123gh6pm_startup_ccs.obj (.intvecs)

.text      0    0000026c    0000183a     
                  0000026c    00001114     Port.obj (.text)
                  00001380    0000030c     Dio.obj (.text)
                  0000168c    000000a8     Os.obj (.text)
                  00001734    0000009c     rtsv7M4_T_le_v4SPD16_eabi.lib : memcpy_t2.asm.obj (.text)
                  000017d0    0000007c     Button.obj (.text)
                  0000184c    0000007c     Gpt.obj (.text)
                  000018c8    00000068     rtsv7M4_T_le_v4SPD16_eabi.lib : copy_decompress_lzss.c.obj (.text:decompress:lzss:__TI_decompress_lzss)
                  00001930    0000005c     App.obj (.text)
                  0000198c    00000044     rtsv7M4_T_le_v4SPD16_eabi.lib : autoinit.c.obj (.text:__TI_auto_init_nobinit_nopinit:__TI_auto_init_nobinit_nopinit)
                  000019d0    0000003e     Led.obj (.text)
                  00001a0e    00000002     --HOLE-- [fill = 0]
                  00001a10    00000034     rtsv7M4_T_le_v4SPD16_eabi.lib : boot_cortex_m.c.obj (.text:_c_int00_noargs:_c_int00_noargs)
                  00001a44    00000020     Mcu.obj (.text)
                  00001a64    00000016     Det.obj (.text)
                  00001a7a    0000000e     rtsv7M4_T_le_v4SPD16_eabi.lib : copy_decompress_none.c.obj (.text:decompress:none:__TI_decompress_none)
                  00001a88    0000000c     tm4c123gh6pm_startup_ccs.obj (.text)
                  00001a94    0000000a     main.obj (.text)
                  00001a9e    00000004     rtsv7M4_T_le_v4SPD16_eabi.lib : pre_init.c.obj (.text:_system_pre_init)
                  00001aa2    00000004                                   : exit.c.obj (.text:abort:abort)

.const     0    00001aa6    0000015c     
                  00001aa6    00000158     Port_PBcfg.obj (.const:Port_Configuration)
                  00001bfe    00000004     Dio_PBcfg.obj (.const:Dio_Configuration)

.cinit     0    00001c08    00000020     
                  00001c08    0000000e     (.cinit..data.load) [load image, compression = lzss]
                  00001c16    00000002     --HOLE-- [fill = 0]
                  00001c18    00000008     (__TI_handler_table)
                  00001c20    00000008     (__TI_cinit_table)

.init_array 
*          0    00000000    00000000     UNINITIALIZED

.data      0    20000200    00000016     UNINITIALIZED
                  20000200    00000005     Dio.obj (.data)
                  20000205    00000003     Button.obj (.data)
                  20000208    00000005     Port.obj (.data)
                  2000020d    00000002     App.obj (.data)
                  2000020f    00000001     --HOLE--
                  20000210    00000004     Gpt.obj (.data)
                  20000214    00000002     Os.obj (.data)

.stack     0    20000000    00000200     UNINITIALIZED
                  20000000    00000004     rtsv7M4_T_le_v4SPD16_eabi.lib : boot_cortex_m.c.obj (.stack)
                  20000004    000001fc     --HOLE--

__llvm_prf_cnts 
*          0    20000000    00000000     UNINITIALIZED

MODULE SUMMARY

       Module                         code   ro data   rw data
       ------                         ----   -------   -------
    .\
       Port.obj                       4372   0         5      
       Dio.obj                        780    0         5      
       tm4c123gh6pm_startup_ccs.obj   12     620       0      
       Port_PBcfg.obj                 0      344       0      
       Os.obj                         168    0         2      
       Gpt.obj                        124    0         4      
       Button.obj                     124    0         3      
       App.obj                        92     0         2      
       Led.obj                        62     0         0      
       Mcu.obj                        32     0         0      
       Det.obj                        22     0         0      
       main.obj                       10     0         0      
       Dio_PBcfg.obj                  0      4         0      
    +--+------------------------------+------+---------+---------+
       Total:                         5798   968       21     
                                                              
    C:\ti\ccs1271\ccs\tools\compiler\ti-cgt-arm_20.2.7.LTS\lib\rtsv7M4_T_le_v4SPD16_eabi.lib
       memcpy_t2.asm.obj              156    0         0      
       copy_decompress_lzss.c.obj     104    0         0      
       autoinit.c.obj                 68     0         0      
       boot_cortex_m.c.obj            52     0         0      
       copy_decompress_none.c.obj     14     0         0      
       exit.c.obj                     4      0         0      
       pre_init.c.obj                 4      0         0      
    +--+------------------------------+------+---------+---------+
       Total:                         402    0         0      
                                                              
       Stack:                         0      0         512    
       Linker Generated:              0      30        0      
    +--+------------------------------+------+---------+---------+
       Grand Total:                   6200   998       533    


LINKER GENERATED COPY TABLES

__TI_cinit_table @ 00001c20 records: 1, size/record: 8, table size: 8
	.data: load addr=00001c08, load size=0000000e bytes, run addr=20000200, run size=00000016 bytes, compression=lzss


LINKER GENERATED HANDLER TABLE

__TI_handler_table @ 00001c18 records: 2, size/record: 4, table size: 8
	index: 0, handler: __TI_decompress_lzss
	index: 1, handler: __TI_decompress_none


GLOBAL SYMBOLS: SORTED ALPHABETICALLY BY Name 

address   name                          
-------   ----                          
00001955  App_Task                      
000017d1  Button_GetState               
000017d7  Button_RefreshState           
00001945  Button_Task                   
00001aa3  C$$EXIT                       
00001a65  Det_ReportError               
00001bfe  Dio_Configuration             
0000155f  Dio_FlipChannel               
00001381  Dio_Init                      
00001485  Dio_ReadChannel               
000013a5  Dio_WriteChannel              
00001931  Init_Task                     
000019e9  Led_RefreshOutput             
000019dd  Led_SetOff                    
000019d1  Led_SetOn                     
0000194d  Led_Task                      
00001a01  Led_Toggle                    
00001a45  Mcu_Init                      
000016a7  Os_NewTimerTick               
000016b7  Os_Scheduler                  
0000168d  Os_start                      
00001aa6  Port_Configuration            
0000026d  Port_Init                     
00000c01  Port_RefreshPortDirection     
00000b0d  Port_SetPinDirection          
00000cf7  Port_SetPinMode               
00001a89  ResetISR                      
0000184d  SysTick_Handler               
000018a5  SysTick_SetCallBack           
0000185d  SysTick_Start                 
0000189d  SysTick_Stop                  
20000200  __STACK_END                   
00000200  __STACK_SIZE                  
20000200  __STACK_TOP                   
00001c20  __TI_CINIT_Base               
00001c28  __TI_CINIT_Limit              
00001c18  __TI_Handler_Table_Base       
00001c20  __TI_Handler_Table_Limit      
0000198d  __TI_auto_init_nobinit_nopinit
000018c9  __TI_decompress_lzss          
00001a7b  __TI_decompress_none          
ffffffff  __TI_pprof_out_hndl           
ffffffff  __TI_prof_data_size           
ffffffff  __TI_prof_data_start          
00000000  __TI_static_base__            
00001735  __aeabi_memcpy                
00001735  __aeabi_memcpy4               
00001735  __aeabi_memcpy8               
ffffffff  __binit__                     
ffffffff  __c_args__                    
UNDEFED   __mpu_init                    
20000000  __stack                       
20000000  __start___llvm_prf_cnts       
20000000  __stop___llvm_prf_cnts        
00001a11  _c_int00_noargs               
UNDEFED   _system_post_cinit            
00001a9f  _system_pre_init              
00001aa3  abort                         
ffffffff  binit                         
00000000  g_pfnVectors                  
00001a95  main                          
00001735  memcpy                        


GLOBAL SYMBOLS: SORTED BY Symbol Address 

address   name                          
-------   ----                          
00000000  __TI_static_base__            
00000000  g_pfnVectors                  
00000200  __STACK_SIZE                  
0000026d  Port_Init                     
00000b0d  Port_SetPinDirection          
00000c01  Port_RefreshPortDirection     
00000cf7  Port_SetPinMode               
00001381  Dio_Init                      
000013a5  Dio_WriteChannel              
00001485  Dio_ReadChannel               
0000155f  Dio_FlipChannel               
0000168d  Os_start                      
000016a7  Os_NewTimerTick               
000016b7  Os_Scheduler                  
00001735  __aeabi_memcpy                
00001735  __aeabi_memcpy4               
00001735  __aeabi_memcpy8               
00001735  memcpy                        
000017d1  Button_GetState               
000017d7  Button_RefreshState           
0000184d  SysTick_Handler               
0000185d  SysTick_Start                 
0000189d  SysTick_Stop                  
000018a5  SysTick_SetCallBack           
000018c9  __TI_decompress_lzss          
00001931  Init_Task                     
00001945  Button_Task                   
0000194d  Led_Task                      
00001955  App_Task                      
0000198d  __TI_auto_init_nobinit_nopinit
000019d1  Led_SetOn                     
000019dd  Led_SetOff                    
000019e9  Led_RefreshOutput             
00001a01  Led_Toggle                    
00001a11  _c_int00_noargs               
00001a45  Mcu_Init                      
00001a65  Det_ReportError               
00001a7b  __TI_decompress_none          
00001a89  ResetISR                      
00001a95  main                          
00001a9f  _system_pre_init              
00001aa3  C$$EXIT                       
00001aa3  abort                         
00001aa6  Port_Configuration            
00001bfe  Dio_Configuration             
00001c18  __TI_Handler_Table_Base       
00001c20  __TI_CINIT_Base               
00001c20  __TI_Handler_Table_Limit      
00001c28  __TI_CINIT_Limit              
20000000  __stack                       
20000000  __start___llvm_prf_cnts       
20000000  __stop___llvm_prf_cnts        
20000200  __STACK_END                   
20000200  __STACK_TOP                   
ffffffff  __TI_pprof_out_hndl           
ffffffff  __TI_prof_data_size           
ffffffff  __TI_prof_data_start          
ffffffff  __binit__                     
ffffffff  __c_args__                    
ffffffff  binit                         
UNDEFED   __mpu_init                    
UNDEFED   _system_post_cinit            

[62 symbols]
